
> emailsimple@0.1.0 build
> next build

⚠ `eslint` configuration in next.config.ts is no longer supported. See more info here: https://nextjs.org/docs/app/api-reference/cli/next#next-lint-options
⚠ `images.domains` is deprecated in favor of `images.remotePatterns`. Please update next.config.ts to protect your application from malicious users.
⚠ Invalid next.config.ts options detected: 
⚠     Expected object, received boolean at "experimental.serverActions"
⚠     Unrecognized key(s) in object: 'eslint'
⚠ See more info here: https://nextjs.org/docs/messages/invalid-next-config
⚠ `experimental.typedRoutes` has been moved to `typedRoutes`. Please update your next.config.ts file accordingly.
▲ Next.js 16.2.0 (Turbopack)
- Experiments (use with caution):
  ✓ serverActions
  ✓ typedRoutes

  Creating an optimized production build ...
✓ Compiled successfully in 2.1s
  Skipping validation of types
  Finished TypeScript config validation in 7ms ...
  Collecting page data using 7 workers ...
Supabase URL or Anon Key not found. Some features may be limited.
  Generating static pages using 7 workers (0/11) ...
  Generating static pages using 7 workers (2/11) 
Supabase URL or Anon Key not found. Some features may be limited.
  Generating static pages using 7 workers (5/11) 
  Generating static pages using 7 workers (8/11) 
✓ Generating static pages using 7 workers (11/11) in 166ms
  Finalizing page optimization ...

Route (app)
┌ ƒ /
├ ƒ /_not-found
├ ƒ /accounts
├ ƒ /api/accounts
├ ƒ /api/accounts/[id]/disconnect
├ ƒ /api/accounts/[id]/sync
├ ƒ /api/auth/gmail
├ ƒ /api/auth/gmail/callback
├ ƒ /api/waitlist
├ ƒ /dashboard
└ ƒ /onboarding


ƒ  (Dynamic)  server-rendered on demand

